Archive member included to satisfy reference by file (symbol)

C:/NXP/S32DS_ARM_v2018.R1/S32DS/arm32_ewl2/lib/thumb/v6-m\libc99.a(exit.o)
                              C:/NXP/S32DS_ARM_v2018.R1/S32DS/arm32_ewl2/lib/thumb/v6-m/__arm_start.o (exit)
C:/NXP/S32DS_ARM_v2018.R1/S32DS/arm32_ewl2/lib/thumb/v6-m\libc99.a(memset.o)
                              C:/NXP/S32DS_ARM_v2018.R1/S32DS/arm32_ewl2/lib/thumb/v6-m/__arm_start.o (memset)
C:/NXP/S32DS_ARM_v2018.R1/S32DS/arm32_ewl2/lib/thumb/v6-m\libc99.a(__filll_mem.o)
                              C:/NXP/S32DS_ARM_v2018.R1/S32DS/arm32_ewl2/lib/thumb/v6-m\libc99.a(memset.o) (__fill_mem)
c:/nxp/s32ds_arm_v2018.r1/cross_tools/gcc-6.3-arm32-eabi/bin/../lib/gcc/arm-none-eabi/6.3.1/thumb/v6-m\libgcc.a(_udivsi3.o)
                              ./SDK/platform/drivers/src/clock/S32K1xx/clock_S32K1xx.o (__aeabi_uidiv)
c:/nxp/s32ds_arm_v2018.r1/cross_tools/gcc-6.3-arm32-eabi/bin/../lib/gcc/arm-none-eabi/6.3.1/thumb/v6-m\libgcc.a(_dvmd_tls.o)
                              c:/nxp/s32ds_arm_v2018.r1/cross_tools/gcc-6.3-arm32-eabi/bin/../lib/gcc/arm-none-eabi/6.3.1/thumb/v6-m\libgcc.a(_udivsi3.o) (__aeabi_idiv0)
C:/NXP/S32DS_ARM_v2018.R1/S32DS/arm32_ewl2/lib/thumb/v6-m\librt.a(gcc_ctor_dtor.o)
                              C:/NXP/S32DS_ARM_v2018.R1/S32DS/arm32_ewl2/lib/thumb/v6-m/__arm_start.o (__init_cpp)
C:/NXP/S32DS_ARM_v2018.R1/S32DS/arm32_ewl2/lib/thumb/v6-m\librt.a(__arm_eabi_init.o)
                              C:/NXP/S32DS_ARM_v2018.R1/S32DS/arm32_ewl2/lib/thumb/v6-m\libc99.a(exit.o) (__destroy_global_chain)
C:/NXP/S32DS_ARM_v2018.R1/S32DS/arm32_ewl2/lib/thumb/v6-m\librt.a(ROMCopy.o)
                              C:/NXP/S32DS_ARM_v2018.R1/S32DS/arm32_ewl2/lib/thumb/v6-m/__arm_start.o (__copy_rom_sections_to_ram)

Allocating common symbols
Common symbol       size              file

g_xtal0ClkFreq      0x4               ./SDK/platform/drivers/src/clock/S32K1xx/clock_S32K1xx.o
g_RtcClkInFreq      0x4               ./SDK/platform/drivers/src/clock/S32K1xx/clock_S32K1xx.o
g_TClkFreq          0xc               ./SDK/platform/drivers/src/clock/S32K1xx/clock_S32K1xx.o

Discarded input sections

 .text          0x00000000        0x0 C:/NXP/S32DS_ARM_v2018.R1/S32DS/arm32_ewl2/lib/thumb/v6-m/__arm_start.o
 .data          0x00000000        0x0 C:/NXP/S32DS_ARM_v2018.R1/S32DS/arm32_ewl2/lib/thumb/v6-m/__arm_start.o
 .bss           0x00000000        0x0 C:/NXP/S32DS_ARM_v2018.R1/S32DS/arm32_ewl2/lib/thumb/v6-m/__arm_start.o
 .text.__thumb_startup
                0x00000000       0x3c C:/NXP/S32DS_ARM_v2018.R1/S32DS/arm32_ewl2/lib/thumb/v6-m/__arm_start.o
 .text.__iar_program_start
                0x00000000        0x4 C:/NXP/S32DS_ARM_v2018.R1/S32DS/arm32_ewl2/lib/thumb/v6-m/__arm_start.o
 .bss.argv      0x00000000        0x4 C:/NXP/S32DS_ARM_v2018.R1/S32DS/arm32_ewl2/lib/thumb/v6-m/__arm_start.o
 .debug_info    0x00000000      0x126 C:/NXP/S32DS_ARM_v2018.R1/S32DS/arm32_ewl2/lib/thumb/v6-m/__arm_start.o
 .debug_abbrev  0x00000000       0xbe C:/NXP/S32DS_ARM_v2018.R1/S32DS/arm32_ewl2/lib/thumb/v6-m/__arm_start.o
 .debug_aranges
                0x00000000       0x28 C:/NXP/S32DS_ARM_v2018.R1/S32DS/arm32_ewl2/lib/thumb/v6-m/__arm_start.o
 .debug_line    0x00000000       0x67 C:/NXP/S32DS_ARM_v2018.R1/S32DS/arm32_ewl2/lib/thumb/v6-m/__arm_start.o
 .debug_str     0x00000000      0x246 C:/NXP/S32DS_ARM_v2018.R1/S32DS/arm32_ewl2/lib/thumb/v6-m/__arm_start.o
 .comment       0x00000000       0xa2 C:/NXP/S32DS_ARM_v2018.R1/S32DS/arm32_ewl2/lib/thumb/v6-m/__arm_start.o
 .debug_frame   0x00000000       0x30 C:/NXP/S32DS_ARM_v2018.R1/S32DS/arm32_ewl2/lib/thumb/v6-m/__arm_start.o
 .ARM.attributes
                0x00000000       0x31 C:/NXP/S32DS_ARM_v2018.R1/S32DS/arm32_ewl2/lib/thumb/v6-m/__arm_start.o
 .group         0x00000000        0x8 ./Sources/main.o
 .group         0x00000000        0x8 ./Sources/main.o
 .group         0x00000000        0x8 ./Sources/main.o
 .group         0x00000000        0x8 ./Sources/main.o
 .group         0x00000000        0x8 ./Sources/main.o
 .group         0x00000000        0x8 ./Sources/main.o
 .group         0x00000000        0x8 ./Sources/main.o
 .group         0x00000000        0x8 ./Sources/main.o
 .group         0x00000000        0x8 ./Sources/main.o
 .group         0x00000000        0x8 ./Sources/main.o
 .group         0x00000000        0x8 ./Sources/main.o
 .group         0x00000000        0x8 ./Sources/main.o
 .group         0x00000000        0x8 ./Sources/main.o
 .group         0x00000000        0x8 ./Sources/main.o
 .group         0x00000000        0x8 ./Sources/main.o
 .group         0x00000000        0x8 ./Sources/main.o
 .group         0x00000000        0x8 ./Sources/main.o
 .group         0x00000000        0x8 ./Sources/main.o
 .group         0x00000000        0x8 ./Sources/main.o
 .group         0x00000000        0x8 ./Sources/main.o
 .group         0x00000000        0x8 ./Sources/main.o
 .group         0x00000000        0x8 ./Sources/main.o
[...]
Memory Configuration

Name             Origin             Length             Attributes
m_interrupts     0x00000000         0x000000c0         xr
m_flash_config   0x00000400         0x00000010         xr
m_text           0x00000410         0x0001fbf0         xr
m_custom         0x1ffffc00         0x00000400         rw
m_data           0x20000000         0x000020c0         rw
m_data_2         0x200020c0         0x00001740         rw
*default*        0x00000000         0xffffffff

Linker script and memory map

LOAD C:/NXP/S32DS_ARM_v2018.R1/S32DS/arm32_ewl2/lib/thumb/v6-m/__arm_start.o
LOAD ./Sources/main.o
LOAD ./SDK/platform/drivers/src/pins/pins_port_hw_access.o
LOAD ./SDK/platform/drivers/src/pins/pins_driver.o
LOAD ./SDK/platform/drivers/src/interrupt/interrupt_manager.o
LOAD ./SDK/platform/drivers/src/clock/S32K1xx/clock_S32K1xx.o
LOAD ./SDK/platform/devices/startup.o
LOAD ./SDK/platform/devices/S32K116/startup/system_S32K116.o
LOAD ./Project_Settings/Startup_Code/startup_S32K116.o
LOAD ./Generated_Code/pin_mux.o
LOAD ./Generated_Code/clockMan1.o
LOAD ./Generated_Code/Cpu.o
START GROUP
LOAD C:/NXP/S32DS_ARM_v2018.R1/S32DS/arm32_ewl2/lib/thumb/v6-m\libc99.a
LOAD C:/NXP/S32DS_ARM_v2018.R1/S32DS/arm32_ewl2/lib/thumb/v6-m\libm.a
LOAD c:/nxp/s32ds_arm_v2018.r1/cross_tools/gcc-6.3-arm32-eabi/bin/../lib/gcc/arm-none-eabi/6.3.1/thumb/v6-m\libgcc.a
LOAD C:/NXP/S32DS_ARM_v2018.R1/S32DS/arm32_ewl2/lib/thumb/v6-m\librt.a
LOAD C:/NXP/S32DS_ARM_v2018.R1/S32DS/arm32_ewl2/lib/thumb/v6-m\libnoio.a
END GROUP
LOAD C:/NXP/S32DS_ARM_v2018.R1/S32DS/arm32_ewl2/lib/thumb/v6-m/__arm_end.o
                0x00000200                HEAP_SIZE = DEFINED (__heap_size__)?__heap_size__:0x200
                0x00000200                STACK_SIZE = DEFINED (__stack_size__)?__stack_size__:0x200
                0x000000c0                M_VECTOR_RAM_SIZE = DEFINED (__flash_vector_table__)?0x0:0xc0

.interrupts     0x00000000       0xc0
                0x00000000                __VECTOR_TABLE = .
                0x00000000                __interrupts_start__ = .
                0x00000000                . = ALIGN (0x4)
 *(.isr_vector)
 .isr_vector    0x00000000       0xc0 ./Project_Settings/Startup_Code/startup_S32K116.o
                0x00000000                __isr_vector
                0x000000c0                __interrupts_end__ = .
                0x000000c0                . = ALIGN (0x4)

.flash_config   0x00000400       0x10
                0x00000400                . = ALIGN (0x4)
 *(.FlashConfig)
 .FlashConfig   0x00000400       0x10 ./Project_Settings/Startup_Code/startup_S32K116.o
                0x00000410                . = ALIGN (0x4)

.text           0x00000410     0x233c
                0x00000410                . = ALIGN (0x4)
 *(.text)
 .text          0x00000410       0x60 ./Project_Settings/Startup_Code/startup_S32K116.o
                0x00000410                Reset_Handler
                0x0000046c                SysTick_Handler
                0x0000046c                ERM_fault_IRQHandler
                0x0000046c                PendSV_Handler
                0x0000046c                NMI_Handler
                0x0000046c                DMA2_IRQHandler
                0x0000046c                LPIT0_IRQHandler
                0x0000046c                ADC0_IRQHandler
                0x0000046c                FTM0_Ovf_Reload_IRQHandler
                0x0000046c                FTM1_Ch0_7_IRQHandler
                0x0000046c                DefaultISR
                0x0000046c                SCG_CMU_LVD_LVWSCG_IRQHandler
                0x0000046c                FTM0_Ch0_7_IRQHandler
                0x0000046c                RTC_IRQHandler
                0x0000046c                PDB0_IRQHandler
                0x0000046c                HardFault_Handler
                0x0000046c                CAN0_ORed_Err_Wakeup_IRQHandler
                0x0000046c                Reserved27_IRQHandler
                0x0000046c                LPUART1_RxTx_IRQHandler
                0x0000046c                RTC_Seconds_IRQHandler
                0x0000046c                CAN0_ORed_0_31_MB_IRQHandler
                0x0000046c                FTFC_IRQHandler
                0x0000046c                LPSPI0_IRQHandler
                0x0000046c                FTM0_Fault_IRQHandler
                0x0000046c                SVC_Handler
                0x0000046c                RCM_IRQHandler
                0x0000046c                DMA3_IRQHandler
                0x0000046c                DMA0_IRQHandler
                0x0000046c                FTM1_Fault_IRQHandler
                0x0000046c                DMA_Error_IRQHandler
                0x0000046c                LPI2C0_Master_Slave_IRQHandler
                0x0000046c                LPUART0_RxTx_IRQHandler
                0x0000046c                WDOG_IRQHandler
                0x0000046c                LPTMR0_IRQHandler
                0x0000046c                FTM1_Ovf_Reload_IRQHandler
                0x0000046c                CMP0_IRQHandler
                0x0000046c                PORT_IRQHandler
                0x0000046c                FLEXIO_IRQHandler
                0x0000046c                DMA1_IRQHandler
 *(.text*)
 .text.PORTD_ISR
                0x00000470       0x6c ./Sources/main.o
                0x00000470                PORTD_ISR
 .text.main     0x000004dc       0x58 ./Sources/main.o
                0x000004dc                main
 .text.PINS_GPIO_WritePin
                0x00000534       0x42 ./SDK/platform/drivers/src/pins/pins_port_hw_access.o
 *fill*         0x00000576        0x2 
 .text.PINS_Init
                0x00000578      0x1c0 ./SDK/platform/drivers/src/pins/pins_port_hw_access.o
                0x00000578                PINS_Init
 .text.PINS_GPIO_SetPinsDirection
                0x00000738       0x18 ./SDK/platform/drivers/src/pins/pins_driver.o
 .text.PINS_GPIO_TogglePins
                0x00000750       0x18 ./SDK/platform/drivers/src/pins/pins_driver.o
 .text.PINS_GPIO_ReadPins
                0x00000768       0x1c ./SDK/platform/drivers/src/pins/pins_driver.o
 .text.PINS_ClearPinIntFlagCmd
                0x00000784       0x3c ./SDK/platform/drivers/src/pins/pins_driver.o
 .text.PINS_ClearPortIntFlagCmd
                0x000007c0       0x1a ./SDK/platform/drivers/src/pins/pins_driver.o
 .text.PINS_DRV_Init
                0x000007da       0x3e ./SDK/platform/drivers/src/pins/pins_driver.o
                0x000007da                PINS_DRV_Init
 .text.PINS_DRV_ClearPinIntFlagCmd
                0x00000818       0x1e ./SDK/platform/drivers/src/pins/pins_driver.o
                0x00000818                PINS_DRV_ClearPinIntFlagCmd
 .text.PINS_DRV_ClearPortIntFlagCmd
                0x00000836       0x18 ./SDK/platform/drivers/src/pins/pins_driver.o
                0x00000836                PINS_DRV_ClearPortIntFlagCmd
 .text.PINS_DRV_SetPinsDirection
                0x0000084e       0x1e ./SDK/platform/drivers/src/pins/pins_driver.o
                0x0000084e                PINS_DRV_SetPinsDirection
 .text.PINS_DRV_TogglePins
                0x0000086c       0x1e ./SDK/platform/drivers/src/pins/pins_driver.o
                0x0000086c                PINS_DRV_TogglePins
 .text.PINS_DRV_ReadPins
                0x0000088a       0x1a ./SDK/platform/drivers/src/pins/pins_driver.o
                0x0000088a                PINS_DRV_ReadPins
 .text.INT_SYS_InstallHandler
                0x000008a4       0x54 ./SDK/platform/drivers/src/interrupt/interrupt_manager.o
                0x000008a4                INT_SYS_InstallHandler
 .text.INT_SYS_EnableIRQ
                0x000008f8       0x38 ./SDK/platform/drivers/src/interrupt/interrupt_manager.o
                0x000008f8                INT_SYS_EnableIRQ
 .text.INT_SYS_EnableIRQGlobal
                0x00000930       0x2c ./SDK/platform/drivers/src/interrupt/interrupt_manager.o
                0x00000930                INT_SYS_EnableIRQGlobal
 .text.INT_SYS_DisableIRQGlobal
                0x0000095c       0x1c ./SDK/platform/drivers/src/interrupt/interrupt_manager.o
                0x0000095c                INT_SYS_DisableIRQGlobal
 .text.SIM_SetLpoClocks
                0x00000978       0x82 ./SDK/platform/drivers/src/clock/S32K1xx/clock_S32K1xx.o
 .text.SIM_SetEimClockGate
                0x000009fa       0x3e ./SDK/platform/drivers/src/clock/S32K1xx/clock_S32K1xx.o
 .text.SIM_SetErmClockGate
                0x00000a38       0x3e ./SDK/platform/drivers/src/clock/S32K1xx/clock_S32K1xx.o
 .text.SIM_SetDmaClockGate
                0x00000a76       0x3e ./SDK/platform/drivers/src/clock/S32K1xx/clock_S32K1xx.o
 .text.SIM_SetMpuClockGate
                0x00000ab4       0x3e ./SDK/platform/drivers/src/clock/S32K1xx/clock_S32K1xx.o
 .text.SIM_SetMscmClockGate
                0x00000af2       0x3e ./SDK/platform/drivers/src/clock/S32K1xx/clock_S32K1xx.o
 .text.SIM_SetClockout
                0x00000b30       0x6c ./SDK/platform/drivers/src/clock/S32K1xx/clock_S32K1xx.o
 .text.SIM_SetTraceClockSource
                0x00000b9c       0x3c ./SDK/platform/drivers/src/clock/S32K1xx/clock_S32K1xx.o
 .text.SIM_ClearTraceClockConfig
                0x00000bd8       0x1a ./SDK/platform/drivers/src/clock/S32K1xx/clock_S32K1xx.o
 .text.SIM_SetTraceClockConfig
                0x00000bf2       0x44 ./SDK/platform/drivers/src/clock/S32K1xx/clock_S32K1xx.o
 .text.SCG_GetCurrentSystemClockSource
                0x00000c36       0x1a ./SDK/platform/drivers/src/clock/S32K1xx/clock_S32K1xx.o
 .text.SCG_SetRunClockControl
                0x00000c50       0x46 ./SDK/platform/drivers/src/clock/S32K1xx/clock_S32K1xx.o
 .text.SCG_SetVlprClockControl
                0x00000c96       0x46 ./SDK/platform/drivers/src/clock/S32K1xx/clock_S32K1xx.o
 .text.SCG_SetFircAsyncConfig
                0x00000cdc       0x32 ./SDK/platform/drivers/src/clock/S32K1xx/clock_S32K1xx.o
 .text.SCG_SetSircAsyncConfig
                0x00000d0e       0x32 ./SDK/platform/drivers/src/clock/S32K1xx/clock_S32K1xx.o
 .text.SCG_SetSoscAsyncConfig
                0x00000d40       0x32 ./SDK/platform/drivers/src/clock/S32K1xx/clock_S32K1xx.o
 *fill*         0x00000d72        0x2 
 .text.SCG_SetClockoutSourceSel
                0x00000d74       0x3c ./SDK/platform/drivers/src/clock/S32K1xx/clock_S32K1xx.o
 .text.SCG_GetSircSystemClockMode
                0x00000db0       0x2c ./SDK/platform/drivers/src/clock/S32K1xx/clock_S32K1xx.o
 .text.SCG_GetSircStatus
                0x00000ddc       0x24 ./SDK/platform/drivers/src/clock/S32K1xx/clock_S32K1xx.o
 .text.SCG_GetSircRange
                0x00000e00       0x1c ./SDK/platform/drivers/src/clock/S32K1xx/clock_S32K1xx.o
 .text.SCG_ClearSircLock
                0x00000e1c       0x2c ./SDK/platform/drivers/src/clock/S32K1xx/clock_S32K1xx.o
 .text.SCG_ClearSircControl
                0x00000e48       0x1a ./SDK/platform/drivers/src/clock/S32K1xx/clock_S32K1xx.o
 .text.SCG_SetSircConfiguration
                0x00000e62       0x28 ./SDK/platform/drivers/src/clock/S32K1xx/clock_S32K1xx.o
 .text.SCG_SetSircControl
                0x00000e8a       0x64 ./SDK/platform/drivers/src/clock/S32K1xx/clock_S32K1xx.o
 .text.SCG_GetFircSystemClockMode
                0x00000eee       0x2c ./SDK/platform/drivers/src/clock/S32K1xx/clock_S32K1xx.o
 .text.SCG_GetFircStatus
                0x00000f1a       0x24 ./SDK/platform/drivers/src/clock/S32K1xx/clock_S32K1xx.o
 .text.SCG_GetFircRange
                0x00000f3e       0x1c ./SDK/platform/drivers/src/clock/S32K1xx/clock_S32K1xx.o
 *fill*         0x00000f5a        0x2 
 .text.SCG_ClearFircLock
                0x00000f5c       0x2c ./SDK/platform/drivers/src/clock/S32K1xx/clock_S32K1xx.o
 .text.SCG_ClearFircControl
                0x00000f88       0x1c ./SDK/platform/drivers/src/clock/S32K1xx/clock_S32K1xx.o
 .text.SCG_SetFircConfiguration
                0x00000fa4       0x28 ./SDK/platform/drivers/src/clock/S32K1xx/clock_S32K1xx.o
 .text.SCG_SetFircControl
                0x00000fcc       0x4c ./SDK/platform/drivers/src/clock/S32K1xx/clock_S32K1xx.o
 .text.SCG_GetSoscSystemClockMode
                0x00001018       0x2c ./SDK/platform/drivers/src/clock/S32K1xx/clock_S32K1xx.o
 .text.SCG_GetSoscStatus
                0x00001044       0x24 ./SDK/platform/drivers/src/clock/S32K1xx/clock_S32K1xx.o
 .text.SCG_ClearSoscLock
                0x00001068       0x2c ./SDK/platform/drivers/src/clock/S32K1xx/clock_S32K1xx.o
 .text.SCG_ClearSoscControl
                0x00001094       0x1c ./SDK/platform/drivers/src/clock/S32K1xx/clock_S32K1xx.o
 .text.SCG_SetSoscConfiguration
                0x000010b0       0x3c ./SDK/platform/drivers/src/clock/S32K1xx/clock_S32K1xx.o
 .text.SCG_SetSoscControl
                0x000010ec       0x6c ./SDK/platform/drivers/src/clock/S32K1xx/clock_S32K1xx.o
 .text.PCC_SetPeripheralClockControl
                0x00001158       0x74 ./SDK/platform/drivers/src/clock/S32K1xx/clock_S32K1xx.o
 .text.PCC_SetClockMode
                0x000011cc       0x88 ./SDK/platform/drivers/src/clock/S32K1xx/clock_S32K1xx.o
 .text.PMC_SetLpoMode
                0x00001254       0x56 ./SDK/platform/drivers/src/clock/S32K1xx/clock_S32K1xx.o
 .text.PMC_SetLpoTrimValue
                0x000012aa       0x98 ./SDK/platform/drivers/src/clock/S32K1xx/clock_S32K1xx.o
 .text.SMC_GetCurrentRunningMode
                0x00001342       0x18 ./SDK/platform/drivers/src/clock/S32K1xx/clock_S32K1xx.o
 .text.CLOCK_DRV_Init
                0x0000135a       0x80 ./SDK/platform/drivers/src/clock/S32K1xx/clock_S32K1xx.o
                0x0000135a                CLOCK_DRV_Init
 *fill*         0x000013da        0x2 
 .text.CLOCK_SYS_SetScgConfiguration
                0x000013dc       0xc8 ./SDK/platform/drivers/src/clock/S32K1xx/clock_S32K1xx.o
 .text.CLOCK_SYS_SetPccConfiguration
                0x000014a4       0xb8 ./SDK/platform/drivers/src/clock/S32K1xx/clock_S32K1xx.o
 .text.CLOCK_SYS_SetSimConfiguration
                0x0000155c      0x154 ./SDK/platform/drivers/src/clock/S32K1xx/clock_S32K1xx.o
 .text.CLOCK_SYS_SetPmcConfiguration
                0x000016b0       0x3c ./SDK/platform/drivers/src/clock/S32K1xx/clock_S32K1xx.o
 .text.CLOCK_SYS_GetDefaultConfiguration
                0x000016ec      0x228 ./SDK/platform/drivers/src/clock/S32K1xx/clock_S32K1xx.o
 .text.CLOCK_SYS_GetCurrentRunMode
                0x00001914       0x50 ./SDK/platform/drivers/src/clock/S32K1xx/clock_S32K1xx.o
 .text.CLOCK_SYS_TransitionSystemClock
                0x00001964       0x80 ./SDK/platform/drivers/src/clock/S32K1xx/clock_S32K1xx.o
 .text.CLOCK_SYS_ConfigureSIRC
                0x000019e4      0x100 ./SDK/platform/drivers/src/clock/S32K1xx/clock_S32K1xx.o
 .text.CLOCK_SYS_ConfigureFIRC
                0x00001ae4       0xf4 ./SDK/platform/drivers/src/clock/S32K1xx/clock_S32K1xx.o
 .text.CLOCK_SYS_ConfigureSOSC
                0x00001bd8      0x160 ./SDK/platform/drivers/src/clock/S32K1xx/clock_S32K1xx.o
 .text.CLOCK_SYS_ConfigureTemporarySystemClock
                0x00001d38       0x78 ./SDK/platform/drivers/src/clock/S32K1xx/clock_S32K1xx.o
 .text.CLOCK_SYS_ConfigureModulesFromScg
                0x00001db0      0x1f8 ./SDK/platform/drivers/src/clock/S32K1xx/clock_S32K1xx.o
 .text.CLOCK_SYS_GetSrcFreq
                0x00001fa8       0x4e ./SDK/platform/drivers/src/clock/S32K1xx/clock_S32K1xx.o
 *fill*         0x00001ff6        0x2 
 .text.CLOCK_SYS_SetSystemClockConfig
                0x00001ff8      0x19c ./SDK/platform/drivers/src/clock/S32K1xx/clock_S32K1xx.o
 .text.CLOCK_SYS_GetSysOscFreq
                0x00002194       0x30 ./SDK/platform/drivers/src/clock/S32K1xx/clock_S32K1xx.o
 .text.CLOCK_SYS_GetSircFreq
                0x000021c4       0x38 ./SDK/platform/drivers/src/clock/S32K1xx/clock_S32K1xx.o
 .text.CLOCK_SYS_GetFircFreq
                0x000021fc       0x3c ./SDK/platform/drivers/src/clock/S32K1xx/clock_S32K1xx.o
 .text.CLOCK_SYS_Init
                0x00002238       0x58 ./SDK/platform/drivers/src/clock/S32K1xx/clock_S32K1xx.o
                0x00002238                CLOCK_SYS_Init
 .text.CLOCK_SYS_UpdateConfiguration
                0x00002290      0x1f8 ./SDK/platform/drivers/src/clock/S32K1xx/clock_S32K1xx.o
                0x00002290                CLOCK_SYS_UpdateConfiguration
 .text.CLOCK_SYS_SetConfiguration
                0x00002488       0x1a ./SDK/platform/drivers/src/clock/S32K1xx/clock_S32K1xx.o
                0x00002488                CLOCK_SYS_SetConfiguration
 *fill*         0x000024a2        0x2 
 .text.init_data_bss
                0x000024a4      0x128 ./SDK/platform/devices/startup.o
                0x000024a4                init_data_bss
 .text.SystemInit
                0x000025cc       0x30 ./SDK/platform/devices/S32K116/startup/system_S32K116.o
                0x000025cc                SystemInit
 *(.rodata)
 *(.rodata*)
 .rodata.clockNameMappings
                0x000025fc       0x8a ./SDK/platform/drivers/src/clock/S32K1xx/clock_S32K1xx.o
                0x000025fc                clockNameMappings
 *fill*         0x00002686        0x2 
 .rodata.tmpSysClk.6174
                0x00002688        0xc ./SDK/platform/drivers/src/clock/S32K1xx/clock_S32K1xx.o
 .rodata.tmpSysClk.6181
                0x00002694        0xc ./SDK/platform/drivers/src/clock/S32K1xx/clock_S32K1xx.o
 .rodata.maxSysClksInRUN.6216
                0x000026a0       0x54 ./SDK/platform/drivers/src/clock/S32K1xx/clock_S32K1xx.o
 .rodata.maxSysClksInVLPR.6215
                0x000026f4       0x54 ./SDK/platform/drivers/src/clock/S32K1xx/clock_S32K1xx.o
 .rodata.fircFreq.6256
                0x00002748        0x4 ./SDK/platform/drivers/src/clock/S32K1xx/clock_S32K1xx.o
 *(.init)
 *(.fini)
 *(.eh_frame)
                0x0000274c                . = ALIGN (0x4)

.glue_7         0x0000274c        0x0
 .glue_7        0x0000274c        0x0 linker stubs

.glue_7t        0x0000274c        0x0
 .glue_7t       0x0000274c        0x0 linker stubs

.vfp11_veneer   0x0000274c        0x0
 .vfp11_veneer  0x0000274c        0x0 linker stubs

.v4_bx          0x0000274c        0x0
 .v4_bx         0x0000274c        0x0 linker stubs

.iplt           0x0000274c        0x0
 .iplt          0x0000274c        0x0 C:/NXP/S32DS_ARM_v2018.R1/S32DS/arm32_ewl2/lib/thumb/v6-m/__arm_start.o

.rel.dyn        0x0000274c        0x0
 .rel.iplt      0x0000274c        0x0 C:/NXP/S32DS_ARM_v2018.R1/S32DS/arm32_ewl2/lib/thumb/v6-m/__arm_start.o

.ARM            0x0000274c        0x0
                0x0000274c                __exidx_start = .
 *(.ARM.exidx*)
                0x0000274c                __exidx_end = .
                0x0000274c                __etext = .
                0x0000274c                __DATA_ROM = .

.interrupts_ram
                0x20000000       0xc0
                0x20000000                . = ALIGN (0x4)
                0x20000000                __VECTOR_RAM__ = .
                0x20000000                __RAM_START = .
                0x20000000                __interrupts_ram_start__ = .
 *(.m_interrupts_ram)
                0x200000c0                . = (. + M_VECTOR_RAM_SIZE)
 *fill*         0x20000000       0xc0 
                0x200000c0                . = ALIGN (0x4)
                0x200000c0                __interrupts_ram_end__ = .
                0x20000000                __VECTOR_RAM = DEFINED (__flash_vector_table__)?ORIGIN (m_interrupts):__VECTOR_RAM__
                0x000000c0                __RAM_VECTOR_TABLE_SIZE = DEFINED (__flash_vector_table__)?0x0:(__interrupts_ram_end__ - __interrupts_ram_start__)

.data           0x200000c0      0x168 load address 0x0000274c
                0x200000c0                . = ALIGN (0x4)
                0x200000c0                __DATA_RAM = .
                0x200000c0                __data_start__ = .
 *(.data)
 *(.data*)
 .data.peripheralClockConfig.6007
                0x200000c0       0x6e ./SDK/platform/drivers/src/clock/S32K1xx/clock_S32K1xx.o
 *fill*         0x2000012e        0x2 
 .data.g_pin_mux_InitConfigArr
                0x20000130       0x60 ./Generated_Code/pin_mux.o
                0x20000130                g_pin_mux_InitConfigArr
 .data.peripheralClockConfig0
                0x20000190       0x19 ./Generated_Code/clockMan1.o
                0x20000190                peripheralClockConfig0
 *fill*         0x200001a9        0x3 
 .data.clockMan1_InitConfig0
                0x200001ac       0x78 ./Generated_Code/clockMan1.o
                0x200001ac                clockMan1_InitConfig0
 .data.g_clockManConfigsArr
                0x20000224        0x4 ./Generated_Code/clockMan1.o
                0x20000224                g_clockManConfigsArr
                0x20000228                . = ALIGN (0x4)
                0x20000228                __data_end__ = .
                0x000028b4                __DATA_END = (__DATA_ROM + (__data_end__ - __data_start__))
                0x000028b4                __CODE_ROM = __DATA_END

.igot.plt       0x20000228        0x0 load address 0x000028b4
 .igot.plt      0x20000228        0x0 C:/NXP/S32DS_ARM_v2018.R1/S32DS/arm32_ewl2/lib/thumb/v6-m/__arm_start.o

.code           0x20000228        0x0 load address 0x000028b4
                0x20000228                . = ALIGN (0x4)
                0x20000228                __CODE_RAM = .
                0x20000228                __code_start__ = .
                0x20000228                __code_ram_start__ = .
 *(.code_ram)
                0x20000228                . = ALIGN (0x4)
                0x20000228                __code_end__ = .
                0x20000228                __code_ram_end__ = .
                0x000028b4                __CODE_END = (__CODE_ROM + (__code_end__ - __code_start__))
                0x000028b4                __CUSTOM_ROM = __CODE_END

.customSectionBlock
                0x1ffffc00        0x0 load address 0x000028b4
                0x1ffffc00                __customSectionStart = .
                0x1ffffc00                __customSection_start__ = .
 *(.customSection)
                0x1ffffc00                __customSection_end__ = .
                0x000028b4                __CUSTOM_END = (__CUSTOM_ROM + (__customSection_end__ - __customSection_start__))

.bss            0x200020c0       0x2c
                0x200020c0                . = ALIGN (0x4)
                0x200020c0                __BSS_START = .
                0x200020c0                __bss_start__ = .
 *(.bss)
 *(.bss*)
 .bss.g_interruptDisableCount
                0x200020c0        0x4 ./SDK/platform/drivers/src/interrupt/interrupt_manager.o
 .bss.g_clockState
                0x200020c4       0x10 ./SDK/platform/drivers/src/clock/S32K1xx/clock_S32K1xx.o
 .bss.g_clockManCallbacksArr
                0x200020d4        0x4 ./Generated_Code/clockMan1.o
                0x200020d4                g_clockManCallbacksArr
 *(COMMON)
 COMMON         0x200020d8       0x14 ./SDK/platform/drivers/src/clock/S32K1xx/clock_S32K1xx.o
                0x200020d8                g_xtal0ClkFreq
                0x200020dc                g_RtcClkInFreq
                0x200020e0                g_TClkFreq
                0x200020ec                . = ALIGN (0x4)
                0x200020ec                __bss_end__ = .
                0x200020ec                __BSS_END = .

.heap           0x200020ec      0x204
                0x200020f0                . = ALIGN (0x8)
 *fill*         0x200020ec        0x4 
                0x200020f0                __end__ = .
                0x200020f0                __heap_start__ = .
                [!provide]                PROVIDE (end, .)
                [!provide]                PROVIDE (_end, .)
                [!provide]                PROVIDE (__end, .)
                0x200020f0                __HeapBase = .
                0x200022f0                . = (. + HEAP_SIZE)
 *fill*         0x200020f0      0x200 
                0x200022f0                __HeapLimit = .
                0x200022f0                __heap_limit = .
                0x200022f0                __heap_end__ = .
                0x20003800                __StackTop = (ORIGIN (m_data_2) + LENGTH (m_data_2))
                0x20003600                __StackLimit = (__StackTop - STACK_SIZE)
                [!provide]                PROVIDE (__stack, __StackTop)
                0x20003800                __RAM_END = __StackTop

.stack          0x20003600      0x200
                0x20003600                . = ALIGN (0x8)
                0x20003600                __stack_start__ = .
                0x20003800                . = (. + STACK_SIZE)
 *fill*         0x20003600      0x200 
                0x20003800                __stack_end__ = .

.ARM.attributes
                0x00000000       0x2f
 *(.ARM.attributes)
 .ARM.attributes
                0x00000000       0x32 ./Sources/main.o
 .ARM.attributes
                0x00000032       0x32 ./SDK/platform/drivers/src/pins/pins_port_hw_access.o
 .ARM.attributes
                0x00000064       0x32 ./SDK/platform/drivers/src/pins/pins_driver.o
 .ARM.attributes
                0x00000096       0x32 ./SDK/platform/drivers/src/interrupt/interrupt_manager.o
 .ARM.attributes
                0x000000c8       0x32 ./SDK/platform/drivers/src/clock/S32K1xx/clock_S32K1xx.o
 .ARM.attributes
                0x000000fa       0x32 ./SDK/platform/devices/startup.o
 .ARM.attributes
                0x0000012c       0x32 ./SDK/platform/devices/S32K116/startup/system_S32K116.o
 .ARM.attributes
                0x0000015e       0x1b ./Project_Settings/Startup_Code/startup_S32K116.o
 .ARM.attributes
                0x00000179       0x32 ./Generated_Code/pin_mux.o
 .ARM.attributes
                0x000001ab       0x32 ./Generated_Code/clockMan1.o
                0x00000001                ASSERT ((__StackLimit >= __HeapLimit), region m_data_2 overflowed with stack and heap)
OUTPUT(test4.elf elf32-littlearm)

.debug_info     0x00000000     0x8b8f
 .debug_info    0x00000000     0x1571 ./Sources/main.o
 .debug_info    0x00001571      0x5e8 ./SDK/platform/drivers/src/pins/pins_port_hw_access.o
 .debug_info    0x00001b59     0x106a ./SDK/platform/drivers/src/pins/pins_driver.o
 .debug_info    0x00002bc3      0x68a ./SDK/platform/drivers/src/interrupt/interrupt_manager.o
 .debug_info    0x0000324d     0x392e ./SDK/platform/drivers/src/clock/S32K1xx/clock_S32K1xx.o
 .debug_info    0x00006b7b      0x3be ./SDK/platform/devices/startup.o
 .debug_info    0x00006f39      0x3df ./SDK/platform/devices/S32K116/startup/system_S32K116.o
 .debug_info    0x00007318       0x26 ./Project_Settings/Startup_Code/startup_S32K116.o
 .debug_info    0x0000733e      0x3ee ./Generated_Code/pin_mux.o
 .debug_info    0x0000772c     0x1463 ./Generated_Code/clockMan1.o

.debug_abbrev   0x00000000      0xdce
 .debug_abbrev  0x00000000      0x17a ./Sources/main.o
 .debug_abbrev  0x0000017a      0x157 ./SDK/platform/drivers/src/pins/pins_port_hw_access.o
 .debug_abbrev  0x000002d1      0x23d ./SDK/platform/drivers/src/pins/pins_driver.o
 .debug_abbrev  0x0000050e      0x1a4 ./SDK/platform/drivers/src/interrupt/interrupt_manager.o
 .debug_abbrev  0x000006b2      0x2c4 ./SDK/platform/drivers/src/clock/S32K1xx/clock_S32K1xx.o
 .debug_abbrev  0x00000976      0x108 ./SDK/platform/devices/startup.o
 .debug_abbrev  0x00000a7e      0x13f ./SDK/platform/devices/S32K116/startup/system_S32K116.o
 .debug_abbrev  0x00000bbd       0x14 ./Project_Settings/Startup_Code/startup_S32K116.o
 .debug_abbrev  0x00000bd1       0xcd ./Generated_Code/pin_mux.o
 .debug_abbrev  0x00000c9e      0x130 ./Generated_Code/clockMan1.o

.debug_aranges  0x00000000      0x6c0
 .debug_aranges
                0x00000000       0x28 ./Sources/main.o
 .debug_aranges
                0x00000028       0x40 ./SDK/platform/drivers/src/pins/pins_port_hw_access.o
 .debug_aranges
                0x00000068      0x168 ./SDK/platform/drivers/src/pins/pins_driver.o
 .debug_aranges
                0x000001d0       0x68 ./SDK/platform/drivers/src/interrupt/interrupt_manager.o
 .debug_aranges
                0x00000238      0x3e8 ./SDK/platform/drivers/src/clock/S32K1xx/clock_S32K1xx.o
 .debug_aranges
                0x00000620       0x20 ./SDK/platform/devices/startup.o
 .debug_aranges
                0x00000640       0x30 ./SDK/platform/devices/S32K116/startup/system_S32K116.o
 .debug_aranges
                0x00000670       0x20 ./Project_Settings/Startup_Code/startup_S32K116.o
 .debug_aranges
                0x00000690       0x18 ./Generated_Code/pin_mux.o
 .debug_aranges
                0x000006a8       0x18 ./Generated_Code/clockMan1.o

.debug_ranges   0x00000000      0x600
 .debug_ranges  0x00000000       0x18 ./Sources/main.o
 .debug_ranges  0x00000018       0x30 ./SDK/platform/drivers/src/pins/pins_port_hw_access.o
 .debug_ranges  0x00000048      0x158 ./SDK/platform/drivers/src/pins/pins_driver.o
 .debug_ranges  0x000001a0       0x58 ./SDK/platform/drivers/src/interrupt/interrupt_manager.o
 .debug_ranges  0x000001f8      0x3d8 ./SDK/platform/drivers/src/clock/S32K1xx/clock_S32K1xx.o
 .debug_ranges  0x000005d0       0x10 ./SDK/platform/devices/startup.o
 .debug_ranges  0x000005e0       0x20 ./SDK/platform/devices/S32K116/startup/system_S32K116.o

.debug_macro    0x00000000    0x1b92d
 .debug_macro   0x00000000      0x19b ./Sources/main.o
 .debug_macro   0x0000019b      0x8c2 ./Sources/main.o
 .debug_macro   0x00000a5d       0x52 ./Sources/main.o
 .debug_macro   0x00000aaf       0xa0 ./Sources/main.o
 .debug_macro   0x00000b4f       0x16 ./Sources/main.o
 .debug_macro   0x00000b65       0x10 ./Sources/main.o
 .debug_macro   0x00000b75       0x73 ./Sources/main.o
 .debug_macro   0x00000be8       0x16 ./Sources/main.o
 .debug_macro   0x00000bfe       0x64 ./Sources/main.o
 .debug_macro   0x00000c62      0x185 ./Sources/main.o
 .debug_macro   0x00000de7      0x140 ./Sources/main.o
 .debug_macro   0x00000f27       0x9d ./Sources/main.o
 .debug_macro   0x00000fc4       0x10 ./Sources/main.o
 .debug_macro   0x00000fd4      0x15b ./Sources/main.o
 .debug_macro   0x0000112f       0x28 ./Sources/main.o
 .debug_macro   0x00001157       0x58 ./Sources/main.o
 .debug_macro   0x000011af     0xc7d6 ./Sources/main.o
 .debug_macro   0x0000d985      0x9bd ./Sources/main.o
 .debug_macro   0x0000e342       0x22 ./Sources/main.o
 .debug_macro   0x0000e364       0x83 ./Sources/main.o
 .debug_macro   0x0000e3e7       0x22 ./Sources/main.o
 .debug_macro   0x0000e409       0x16 ./Sources/main.o
 .debug_macro   0x0000e41f       0x16 ./Sources/main.o
 .debug_macro   0x0000e435       0x16 ./Sources/main.o
 .debug_macro   0x0000e44b       0x16 ./Sources/main.o
 .debug_macro   0x0000e461      0x13b ./SDK/platform/drivers/src/pins/pins_port_hw_access.o
 .debug_macro   0x0000e59c      0x1af ./SDK/platform/drivers/src/pins/pins_port_hw_access.o
 .debug_macro   0x0000e74b      0x141 ./SDK/platform/drivers/src/pins/pins_driver.o
 .debug_macro   0x0000e88c       0xea ./SDK/platform/drivers/src/interrupt/interrupt_manager.o
 .debug_macro   0x0000e976      0x2d3 ./SDK/platform/drivers/src/clock/S32K1xx/clock_S32K1xx.o
 .debug_macro   0x0000ec49       0xea ./SDK/platform/devices/startup.o
 .debug_macro   0x0000ed33     0xc7e8 ./SDK/platform/devices/startup.o
 .debug_macro   0x0001b51b       0x40 ./SDK/platform/devices/startup.o
 .debug_macro   0x0001b55b       0xe9 ./SDK/platform/devices/S32K116/startup/system_S32K116.o
 .debug_macro   0x0001b644      0x140 ./Generated_Code/pin_mux.o
 .debug_macro   0x0001b784      0x17d ./Generated_Code/clockMan1.o
 .debug_macro   0x0001b901       0x1c ./Generated_Code/clockMan1.o
 .debug_macro   0x0001b91d       0x10 ./Generated_Code/clockMan1.o

.debug_line     0x00000000     0x38dc
 .debug_line    0x00000000      0x514 ./Sources/main.o
 .debug_line    0x00000514      0x480 ./SDK/platform/drivers/src/pins/pins_port_hw_access.o
 .debug_line    0x00000994      0x726 ./SDK/platform/drivers/src/pins/pins_driver.o
 .debug_line    0x000010ba      0x477 ./SDK/platform/drivers/src/interrupt/interrupt_manager.o
 .debug_line    0x00001531     0x152f ./SDK/platform/drivers/src/clock/S32K1xx/clock_S32K1xx.o
 .debug_line    0x00002a60      0x27e ./SDK/platform/devices/startup.o
 .debug_line    0x00002cde      0x34f ./SDK/platform/devices/S32K116/startup/system_S32K116.o
 .debug_line    0x0000302d       0x92 ./Project_Settings/Startup_Code/startup_S32K116.o
 .debug_line    0x000030bf      0x382 ./Generated_Code/pin_mux.o
 .debug_line    0x00003441      0x49b ./Generated_Code/clockMan1.o

.debug_str      0x00000000    0x5da95
 .debug_str     0x00000000    0x5ae70 ./Sources/main.o
                              0x5af4c (size before relaxing)
 .debug_str     0x0005ae70      0x196 ./SDK/platform/drivers/src/pins/pins_port_hw_access.o
                              0x59012 (size before relaxing)
 .debug_str     0x0005b006      0x47e ./SDK/platform/drivers/src/pins/pins_driver.o
                              0x59c54 (size before relaxing)
 .debug_str     0x0005b484      0x223 ./SDK/platform/drivers/src/interrupt/interrupt_manager.o
                              0x58deb (size before relaxing)
 .debug_str     0x0005b6a7     0x1f7a ./SDK/platform/drivers/src/clock/S32K1xx/clock_S32K1xx.o
                              0x5c7a5 (size before relaxing)
 .debug_str     0x0005d621      0x35a ./SDK/platform/devices/startup.o
                              0x58df8 (size before relaxing)
 .debug_str     0x0005d97b       0xa1 ./SDK/platform/devices/S32K116/startup/system_S32K116.o
                              0x58b9e (size before relaxing)
 .debug_str     0x0005da1c       0x3f ./Project_Settings/Startup_Code/startup_S32K116.o
                                 0x80 (size before relaxing)
 .debug_str     0x0005da5b       0x1c ./Generated_Code/pin_mux.o
                              0x58ece (size before relaxing)
 .debug_str     0x0005da77       0x1e ./Generated_Code/clockMan1.o
                              0x5acff (size before relaxing)

.comment        0x00000000       0xa0
 .comment       0x00000000       0xa0 ./Sources/main.o
                                 0xa1 (size before relaxing)
 .comment       0x000000a0       0xa1 ./SDK/platform/drivers/src/pins/pins_port_hw_access.o
 .comment       0x000000a0       0xa1 ./SDK/platform/drivers/src/pins/pins_driver.o
 .comment       0x000000a0       0xa1 ./SDK/platform/drivers/src/interrupt/interrupt_manager.o
 .comment       0x000000a0       0xa1 ./SDK/platform/drivers/src/clock/S32K1xx/clock_S32K1xx.o
 .comment       0x000000a0       0xa1 ./SDK/platform/devices/startup.o
 .comment       0x000000a0       0xa1 ./SDK/platform/devices/S32K116/startup/system_S32K116.o
 .comment       0x000000a0       0xa1 ./Generated_Code/pin_mux.o
 .comment       0x000000a0       0xa1 ./Generated_Code/clockMan1.o

.debug_frame    0x00000000     0x1780
 .debug_frame   0x00000000       0x48 ./Sources/main.o
 .debug_frame   0x00000048       0xb0 ./SDK/platform/drivers/src/pins/pins_port_hw_access.o
 .debug_frame   0x000000f8      0x550 ./SDK/platform/drivers/src/pins/pins_driver.o
 .debug_frame   0x00000648      0x148 ./SDK/platform/drivers/src/interrupt/interrupt_manager.o
 .debug_frame   0x00000790      0xf54 ./SDK/platform/drivers/src/clock/S32K1xx/clock_S32K1xx.o
 .debug_frame   0x000016e4       0x30 ./SDK/platform/devices/startup.o
 .debug_frame   0x00001714       0x6c ./SDK/platform/devices/S32K116/startup/system_S32K116.o
